MPLINK 5.08, LINKER
Linker Map File - Created Mon Nov 12 19:44:47 2018

                                 Section Info
                  Section       Type    Address   Location Size(Bytes)
                ---------  ---------  ---------  ---------  ---------
                   .org_0       code   0x000000    program   0x000006
                   .cinit    romdata   0x000006    program   0x000002
                   .org_1       code   0x000008    program   0x000106
                    dbgP0       code   0x007dc0    program   0x000240
.config_300001_BUILD/DEFAULT/DEBUG/NEWASMTEMPLA    romdata   0x300001    program   0x000001
.config_300002_BUILD/DEFAULT/DEBUG/NEWASMTEMPLA    romdata   0x300002    program   0x000001
.config_300003_BUILD/DEFAULT/DEBUG/NEWASMTEMPLA    romdata   0x300003    program   0x000001
.config_300005_BUILD/DEFAULT/DEBUG/NEWASMTEMPLA    romdata   0x300005    program   0x000001
.config_300006_BUILD/DEFAULT/DEBUG/NEWASMTEMPLA    romdata   0x300006    program   0x000001
.config_300008_BUILD/DEFAULT/DEBUG/NEWASMTEMPLA    romdata   0x300008    program   0x000001
.config_300009_BUILD/DEFAULT/DEBUG/NEWASMTEMPLA    romdata   0x300009    program   0x000001
.config_30000A_BUILD/DEFAULT/DEBUG/NEWASMTEMPLA    romdata   0x30000a    program   0x000001
.config_30000B_BUILD/DEFAULT/DEBUG/NEWASMTEMPLA    romdata   0x30000b    program   0x000001
.config_30000C_BUILD/DEFAULT/DEBUG/NEWASMTEMPLA    romdata   0x30000c    program   0x000001
.config_30000D_BUILD/DEFAULT/DEBUG/NEWASMTEMPLA    romdata   0x30000d    program   0x000001
                    dbgD0      udata   0x0005f4       data   0x00000c



                              Program Memory Usage 
                               Start         End      
                           ---------   ---------      
                            0x000000    0x00010d      
                            0x007dc0    0x007fff      
                            0x300001    0x300003      
                            0x300005    0x300006      
                            0x300008    0x30000d      
            857 out of 33048 program addresses used, program memory utilization is 2%



                              Symbols - Sorted by Name
                     Name    Address   Location    Storage File                     
                ---------  ---------  ---------  --------- ---------                
               DO_NOTHING   0x000104    program     static C:\Users\Guo\Desktop\Projects\MPAP\Lab 6.X\newAsmTemplate.asm
                      ISR   0x000006    program     static C:\Users\Guo\Desktop\Projects\MPAP\Lab 6.X\newAsmTemplate.asm
                  Initial   0x0000ec    program     static C:\Users\Guo\Desktop\Projects\MPAP\Lab 6.X\newAsmTemplate.asm
                      YEE   0x000000    program     static C:\Users\Guo\Desktop\Projects\MPAP\Lab 6.X\newAsmTemplate.asm
                  _1loop1   0x000012    program     static C:\Users\Guo\Desktop\Projects\MPAP\Lab 6.X\newAsmTemplate.asm
                  _1loop2   0x00000e    program     static C:\Users\Guo\Desktop\Projects\MPAP\Lab 6.X\newAsmTemplate.asm
                  _2loop1   0x00002c    program     static C:\Users\Guo\Desktop\Projects\MPAP\Lab 6.X\newAsmTemplate.asm
                  _2loop2   0x000028    program     static C:\Users\Guo\Desktop\Projects\MPAP\Lab 6.X\newAsmTemplate.asm
                  _3loop1   0x00004a    program     static C:\Users\Guo\Desktop\Projects\MPAP\Lab 6.X\newAsmTemplate.asm
                  _3loop2   0x000046    program     static C:\Users\Guo\Desktop\Projects\MPAP\Lab 6.X\newAsmTemplate.asm
                  _4loop1   0x000064    program     static C:\Users\Guo\Desktop\Projects\MPAP\Lab 6.X\newAsmTemplate.asm
                  _4loop2   0x000060    program     static C:\Users\Guo\Desktop\Projects\MPAP\Lab 6.X\newAsmTemplate.asm
                  _5loop1   0x000082    program     static C:\Users\Guo\Desktop\Projects\MPAP\Lab 6.X\newAsmTemplate.asm
                  _5loop2   0x00007e    program     static C:\Users\Guo\Desktop\Projects\MPAP\Lab 6.X\newAsmTemplate.asm
                  _6loop1   0x00009c    program     static C:\Users\Guo\Desktop\Projects\MPAP\Lab 6.X\newAsmTemplate.asm
                  _6loop2   0x000098    program     static C:\Users\Guo\Desktop\Projects\MPAP\Lab 6.X\newAsmTemplate.asm
                  _7loop1   0x0000ba    program     static C:\Users\Guo\Desktop\Projects\MPAP\Lab 6.X\newAsmTemplate.asm
                  _7loop2   0x0000b6    program     static C:\Users\Guo\Desktop\Projects\MPAP\Lab 6.X\newAsmTemplate.asm
                  _8loop1   0x0000d4    program     static C:\Users\Guo\Desktop\Projects\MPAP\Lab 6.X\newAsmTemplate.asm
                  _8loop2   0x0000d0    program     static C:\Users\Guo\Desktop\Projects\MPAP\Lab 6.X\newAsmTemplate.asm



                              Symbols - Sorted by Address
                     Name    Address   Location    Storage File                     
                ---------  ---------  ---------  --------- ---------                
                      YEE   0x000000    program     static C:\Users\Guo\Desktop\Projects\MPAP\Lab 6.X\newAsmTemplate.asm
                      ISR   0x000006    program     static C:\Users\Guo\Desktop\Projects\MPAP\Lab 6.X\newAsmTemplate.asm
                  _1loop2   0x00000e    program     static C:\Users\Guo\Desktop\Projects\MPAP\Lab 6.X\newAsmTemplate.asm
                  _1loop1   0x000012    program     static C:\Users\Guo\Desktop\Projects\MPAP\Lab 6.X\newAsmTemplate.asm
                  _2loop2   0x000028    program     static C:\Users\Guo\Desktop\Projects\MPAP\Lab 6.X\newAsmTemplate.asm
                  _2loop1   0x00002c    program     static C:\Users\Guo\Desktop\Projects\MPAP\Lab 6.X\newAsmTemplate.asm
                  _3loop2   0x000046    program     static C:\Users\Guo\Desktop\Projects\MPAP\Lab 6.X\newAsmTemplate.asm
                  _3loop1   0x00004a    program     static C:\Users\Guo\Desktop\Projects\MPAP\Lab 6.X\newAsmTemplate.asm
                  _4loop2   0x000060    program     static C:\Users\Guo\Desktop\Projects\MPAP\Lab 6.X\newAsmTemplate.asm
                  _4loop1   0x000064    program     static C:\Users\Guo\Desktop\Projects\MPAP\Lab 6.X\newAsmTemplate.asm
                  _5loop2   0x00007e    program     static C:\Users\Guo\Desktop\Projects\MPAP\Lab 6.X\newAsmTemplate.asm
                  _5loop1   0x000082    program     static C:\Users\Guo\Desktop\Projects\MPAP\Lab 6.X\newAsmTemplate.asm
                  _6loop2   0x000098    program     static C:\Users\Guo\Desktop\Projects\MPAP\Lab 6.X\newAsmTemplate.asm
                  _6loop1   0x00009c    program     static C:\Users\Guo\Desktop\Projects\MPAP\Lab 6.X\newAsmTemplate.asm
                  _7loop2   0x0000b6    program     static C:\Users\Guo\Desktop\Projects\MPAP\Lab 6.X\newAsmTemplate.asm
                  _7loop1   0x0000ba    program     static C:\Users\Guo\Desktop\Projects\MPAP\Lab 6.X\newAsmTemplate.asm
                  _8loop2   0x0000d0    program     static C:\Users\Guo\Desktop\Projects\MPAP\Lab 6.X\newAsmTemplate.asm
                  _8loop1   0x0000d4    program     static C:\Users\Guo\Desktop\Projects\MPAP\Lab 6.X\newAsmTemplate.asm
                  Initial   0x0000ec    program     static C:\Users\Guo\Desktop\Projects\MPAP\Lab 6.X\newAsmTemplate.asm
               DO_NOTHING   0x000104    program     static C:\Users\Guo\Desktop\Projects\MPAP\Lab 6.X\newAsmTemplate.asm


